******************************************************************************
                  TI ARM Linker Unix v18.12.2                  
******************************************************************************
>> Linked Sat Jun  6 10:42:23 2020

OUTPUT FILE NAME:   <project_zero_cc2640r2lp_app.out>
ENTRY POINT SYMBOL: "ResetISR"  address: 0000ef7d


MEMORY CONFIGURATION

         name            origin    length      used     unused   attr    fill
----------------------  --------  ---------  --------  --------  ----  --------
  FLASH                 00000000   0001f000  00014b66  0000a49a  R  X
  FLASH_LAST_PAGE       0001f000   00001000  00000058  00000fa8  R  X
  SRAM                  20000000   00004400  00002cad  00001753  RW X


SEGMENT ALLOCATION MAP

run origin  load origin   length   init length attrs members
----------  ----------- ---------- ----------- ----- -------
00000000    00000000    00013b6c   00013b6c    r-x
  00000000    00000000    0000003c   0000003c    r-- .resetVecs
  0000003c    0000003c    00000fc4   00000fc4    r-x .text.1
  00001000    00001000    00000028   00000028    r-- .const:ti_sysbios_heaps_HeapMem_Module__FXNS__C
  00001028    00001028    00000024   00000024    r-- .const:ti_sysbios_gates_GateHwi_Module__FXNS__C
  0000104c    0000104c    00000024   00000024    r-- .const:ti_sysbios_gates_GateMutex_Module__FXNS__C
  00001070    00001070    00000020   00000020    r-- .const:ti_sysbios_family_arm_m3_Hwi_Object__DESC__C
  00001090    00001090    00000020   00000020    r-- .const:ti_sysbios_gates_GateHwi_Object__DESC__C
  000010b0    000010b0    00000020   00000020    r-- .const:ti_sysbios_gates_GateMutex_Object__DESC__C
  000010d0    000010d0    00000020   00000020    r-- .const:ti_sysbios_hal_Hwi_Object__DESC__C
  000010f0    000010f0    00000020   00000020    r-- .const:ti_sysbios_heaps_HeapMem_Object__DESC__C
  00001110    00001110    00000020   00000020    r-- .const:ti_sysbios_knl_Clock_Object__DESC__C
  00001130    00001130    00000020   00000020    r-- .const:ti_sysbios_knl_Event_Object__DESC__C
  00001150    00001150    00000020   00000020    r-- .const:ti_sysbios_knl_Mailbox_Object__DESC__C
  00001170    00001170    00000020   00000020    r-- .const:ti_sysbios_knl_Queue_Object__DESC__C
  00001190    00001190    00000020   00000020    r-- .const:ti_sysbios_knl_Semaphore_Object__DESC__C
  000011b0    000011b0    00000020   00000020    r-- .const:ti_sysbios_knl_Swi_Object__DESC__C
  000011d0    000011d0    00000020   00000020    r-- .const:ti_sysbios_knl_Task_Object__DESC__C
  000011f0    000011f0    00000008   00000008    r-- .const:ti_sysbios_knl_Idle_funcList__C
  000011f8    000011f8    00000004   00000004    r-- .const:ti_sysbios_family_arm_cc26xx_Timer_startupNeeded__C
  000011fc    000011fc    00000004   00000004    r-- .const:ti_sysbios_family_arm_m3_Hwi_E_alreadyDefined__C
  00001200    00001200    00000004   00000004    r-- .const:ti_sysbios_family_arm_m3_Hwi_E_hwiLimitExceeded__C
  00001204    00001204    00000004   00000004    r-- .const:ti_sysbios_family_arm_m3_Hwi_NUM_INTERRUPTS__C
  00001208    00001208    00000004   00000004    r-- .const:ti_sysbios_family_arm_m3_Hwi_Object__count__C
  0000120c    0000120c    00000004   00000004    r-- .const:ti_sysbios_family_arm_m3_Hwi_Object__table__C
  00001210    00001210    00000004   00000004    r-- .const:ti_sysbios_family_arm_m3_Hwi_ccr__C
  00001214    00001214    00000004   00000004    r-- .const:ti_sysbios_family_arm_m3_Hwi_excHandlerFunc__C
  00001218    00001218    00000004   00000004    r-- .const:ti_sysbios_family_arm_m3_Hwi_nullIsrFunc__C
  0000121c    0000121c    00000004   00000004    r-- .const:ti_sysbios_family_arm_m3_Hwi_numSparseInterrupts__C
  00001220    00001220    00000004   00000004    r-- .const:ti_sysbios_family_arm_m3_Hwi_priGroup__C
  00001224    00001224    00000004   00000004    r-- .const:ti_sysbios_family_arm_m3_TaskSupport_stackAlignment__C
  00001228    00001228    00000004   00000004    r-- .const:ti_sysbios_heaps_HeapMem_E_memory__C
  0000122c    0000122c    00000004   00000004    r-- .const:ti_sysbios_heaps_HeapMem_Module__gateObj__C
  00001230    00001230    00000004   00000004    r-- .const:ti_sysbios_heaps_HeapMem_Object__count__C
  00001234    00001234    00000004   00000004    r-- .const:ti_sysbios_heaps_HeapMem_Object__table__C
  00001238    00001238    00000004   00000004    r-- .const:ti_sysbios_heaps_HeapMem_reqAlign__C
  0000123c    0000123c    00000004   00000004    r-- .const:ti_sysbios_knl_Clock_triggerClock__C
  00001240    00001240    00000004   00000004    r-- .const:ti_sysbios_knl_Mailbox_Object__count__C
  00001244    00001244    00000004   00000004    r-- .const:ti_sysbios_knl_Mailbox_Object__table__C
  00001248    00001248    00000004   00000004    r-- .const:ti_sysbios_knl_Mailbox_maxTypeAlign__C
  0000124c    0000124c    00000004   00000004    r-- .const:ti_sysbios_knl_Queue_Object__count__C
  00001250    00001250    00000004   00000004    r-- .const:ti_sysbios_knl_Queue_Object__table__C
  00001254    00001254    00000004   00000004    r-- .const:ti_sysbios_knl_Semaphore_eventPost__C
  00001258    00001258    00000004   00000004    r-- .const:ti_sysbios_knl_Semaphore_eventSync__C
  0000125c    0000125c    00000004   00000004    r-- .const:ti_sysbios_knl_Swi_Object__count__C
  00001260    00001260    00000004   00000004    r-- .const:ti_sysbios_knl_Swi_Object__table__C
  00001264    00001264    00000004   00000004    r-- .const:ti_sysbios_knl_Swi_numPriorities__C
  00001268    00001268    00000004   00000004    r-- .const:ti_sysbios_knl_Task_Object__count__C
  0000126c    0000126c    00000004   00000004    r-- .const:ti_sysbios_knl_Task_Object__table__C
  00001270    00001270    00000004   00000004    r-- .const:ti_sysbios_knl_Task_allBlockedFunc__C
  00001274    00001274    00000004   00000004    r-- .const:ti_sysbios_knl_Task_defaultStackHeap__C
  00001278    00001278    00000004   00000004    r-- .const:ti_sysbios_knl_Task_defaultStackSize__C
  0000127c    0000127c    00000004   00000004    r-- .const:ti_sysbios_knl_Task_numConstructedTasks__C
  00001280    00001280    00000002   00000002    r-- .const:ti_sysbios_family_arm_cc26xx_Timer_Module__id__C
  00001282    00001282    00000002   00000002    r-- .const:ti_sysbios_family_arm_cc26xx_TimestampProvider_useClockTimer__C
  00001284    00001284    00000002   00000002    r-- .const:ti_sysbios_family_arm_m3_Hwi_Module__id__C
  00001286    00001286    00000002   00000002    r-- .const:ti_sysbios_gates_GateHwi_Module__id__C
  00001288    00001288    00000002   00000002    r-- .const:ti_sysbios_gates_GateMutex_Module__id__C
  0000128a    0000128a    00000002   00000002    r-- .const:ti_sysbios_heaps_HeapMem_Module__id__C
  0000128c    0000128c    00000002   00000002    r-- .const:ti_sysbios_knl_Task_initStackFlag__C
  0000128e    0000128e    00000001   00000001    r-- .const:ti_sysbios_knl_Clock_tickMode__C
  00001290    00001290    00000008   00000008    r-- .const:xdc_runtime_Startup_firstFxns__C
  00001298    00001298    00000008   00000008    r-- .const:xdc_runtime_Startup_lastFxns__C
  000012a0    000012a0    00000004   00000004    r-- .const:xdc_runtime_Assert_E_assertFailed__C
  000012a4    000012a4    00000004   00000004    r-- .const:xdc_runtime_Error_E_memory__C
  000012a8    000012a8    00000004   00000004    r-- .const:xdc_runtime_Error_policyFxn__C
  000012ac    000012ac    00000004   00000004    r-- .const:xdc_runtime_Error_raiseHook__C
  000012b0    000012b0    00000004   00000004    r-- .const:xdc_runtime_IGateProvider_Interface__BASE__C
  000012b4    000012b4    00000004   00000004    r-- .const:xdc_runtime_IHeap_Interface__BASE__C
  000012b8    000012b8    00000004   00000004    r-- .const:xdc_runtime_IModule_Interface__BASE__C
  000012bc    000012bc    00000004   00000004    r-- .const:xdc_runtime_Memory_defaultHeapInstance__C
  000012c0    000012c0    00000004   00000004    r-- .const:xdc_runtime_Startup_execImpl__C
  000012c4    000012c4    00000004   00000004    r-- .const:xdc_runtime_Startup_maxPasses__C
  000012c8    000012c8    00000004   00000004    r-- .const:xdc_runtime_Startup_sfxnRts__C
  000012cc    000012cc    00000004   00000004    r-- .const:xdc_runtime_Startup_sfxnTab__C
  000012d0    000012d0    00000004   00000004    r-- .const:xdc_runtime_Startup_startModsFxn__C
  000012d4    000012d4    00000004   00000004    r-- .const:xdc_runtime_SysCallback_abortFxn__C
  000012d8    000012d8    00000004   00000004    r-- .const:xdc_runtime_SysCallback_exitFxn__C
  000012dc    000012dc    00000004   00000004    r-- .const:xdc_runtime_System_abortFxn__C
  000012e0    000012e0    00000004   00000004    r-- .const:xdc_runtime_System_exitFxn__C
  000012e4    000012e4    00000004   00000004    r-- .const:xdc_runtime_System_maxAtexitHandlers__C
  000012e8    000012e8    00000004   00000004    r-- .const:xdc_runtime_Text_charTab__C
  000012ec    000012ec    00000004   00000004    r-- .const:xdc_runtime_Text_nameEmpty__C
  000012f0    000012f0    00000004   00000004    r-- .const:xdc_runtime_Text_nameStatic__C
  000012f4    000012f4    00000004   00000004    r-- .const:xdc_runtime_Text_nameUnknown__C
  000012f8    000012f8    00000002   00000002    r-- .const:xdc_runtime_Error_maxDepth__C
  000012fa    000012fa    00000002   00000002    r-- .const:xdc_runtime_Memory_Module__id__C
  000012fc    000012fc    00000002   00000002    r-- .const:xdc_runtime_Text_charCnt__C
  000012fe    000012fe    00000002   00000002    r-- .const:xdc_runtime_Text_isLoaded__C
  00001300    00001300    00000001   00000001    r-- .const:xdc_runtime_Error_policy__C
  00001304    00001304    00000004   00000004    r-- .const:ti_sysbios_rom_ROM_ti_sysbios_family_arm_cc26xx_Timer_getCount64__E
  00001308    00001308    00000004   00000004    r-- .const:ti_sysbios_rom_ROM_ti_sysbios_family_arm_cc26xx_Timer_getCurrentTick__E
  0000130c    0000130c    00000004   00000004    r-- .const:ti_sysbios_rom_ROM_ti_sysbios_family_arm_cc26xx_Timer_getMaxTicks__E
  00001310    00001310    00000004   00000004    r-- .const:ti_sysbios_rom_ROM_ti_sysbios_family_arm_cc26xx_Timer_initDevice__I
  00001314    00001314    00000004   00000004    r-- .const:ti_sysbios_rom_ROM_ti_sysbios_family_arm_cc26xx_Timer_setNextTick__E
  00001318    00001318    00000004   00000004    r-- .const:ti_sysbios_rom_ROM_ti_sysbios_family_arm_cc26xx_Timer_setThreshold__I
  0000131c    0000131c    00000004   00000004    r-- .const:ti_sysbios_rom_ROM_ti_sysbios_family_arm_cc26xx_Timer_start__E
  00001320    00001320    00000004   00000004    r-- .const:ti_sysbios_rom_ROM_ti_sysbios_family_arm_cc26xx_TimestampProvider_get32__E
  00001324    00001324    00000004   00000004    r-- .const:ti_sysbios_rom_ROM_xdc_runtime_Startup_getState__I
  00001328    00001328    00000004   00000004    r-- .const:ti_sysbios_rom_ROM_xdc_runtime_System_SupportProxy_abort__E
  0000132c    0000132c    00000004   00000004    r-- .const:ti_sysbios_rom_ROM_xdc_runtime_System_SupportProxy_exit__E
  00001330    00001330    00010fa0   00010fa0    r-x .text.2
  000122d0    000122d0    00001242   00001242    r-- .const
  00013514    00013514    000000a4   000000a4    r-- .rodata
  000135b8    000135b8    000005b4   000005b4    r-- .cinit
0001e000    0001e000    00001000   00001000    r--
  0001e000    0001e000    00001000   00001000    r-- .snvSectors
0001ffa8    0001ffa8    00000058   00000058    r--
  0001ffa8    0001ffa8    00000058   00000058    r-- .ccfg
20000100    20000100    00000106   00000000    rw-
  20000100    20000100    00000044   00000000    rw- .data:ti_sysbios_knl_Task_Module__state__V
  20000144    20000144    00000034   00000000    rw- .data:ti_sysbios_family_arm_m3_Hwi_Module__state__V
  20000178    20000178    0000002c   00000000    rw- .data:ti_sysbios_knl_Clock_Module__state__V
  200001a4    200001a4    00000024   00000000    rw- .data:ti_sysbios_BIOS_Module__state__V
  200001c8    200001c8    0000001c   00000000    rw- .data:ti_sysbios_knl_Swi_Module__state__V
  200001e4    200001e4    00000008   00000000    rw- .data:ti_sysbios_family_arm_cc26xx_Timer_Module__state__V
  200001ec    200001ec    00000004   00000000    rw- .data:ti_sysbios_family_arm_cc26xx_TimestampProvider_Module__state__V
  200001f0    200001f0    00000008   00000000    rw- .data:xdc_runtime_Startup_Module__state__V
  200001f8    200001f8    00000008   00000000    rw- .data:xdc_runtime_System_Module__state__V
  20000200    20000200    00000004   00000000    rw- .data:xdc_runtime_Memory_Module__state__V
  20000204    20000204    00000002   00000000    rw- .data:xdc_runtime_Error_Module__state__V
20000470    20000470    00000010   00000000    rw-
  20000470    20000470    00000010   00000000    rw- .TI.bound:dmaADCPriControlTableEntry
20000490    20000490    00000010   00000000    rw-
  20000490    20000490    00000010   00000000    rw- .TI.bound:dmaGPT0APriControlTableEntry
20000670    20000670    00000010   00000000    rw-
  20000670    20000670    00000010   00000000    rw- .TI.bound:dmaADCAltControlTableEntry
20000690    20000690    000026af   00000000    rw-
  20000690    20000690    00000010   00000000    rw- .TI.bound:dmaGPT0AAltControlTableEntry
  200006a0    200006a0    00001bb9   00000000    rw- .data
  20002260    20002260    00000adf   00000000    rw- .bss
20004000    20004000    00000400   00000000    rw-
  20004000    20004000    00000400   00000000    rw- .stack


SECTION ALLOCATION MAP

 output                                  attributes/
section   page    origin      length       input sections
--------  ----  ----------  ----------   ----------------
.const:ti_sysbios_heaps_HeapMem_Module__FXNS__C 
*          0    00001000    00000028     
                  00001000    00000028     app_ble_pem3.oem3 (.const:ti_sysbios_heaps_HeapMem_Module__FXNS__C)

.const:ti_sysbios_gates_GateHwi_Module__FXNS__C 
*          0    00001028    00000024     
                  00001028    00000024     app_ble_pem3.oem3 (.const:ti_sysbios_gates_GateHwi_Module__FXNS__C)

.const:ti_sysbios_gates_GateMutex_Module__FXNS__C 
*          0    0000104c    00000024     
                  0000104c    00000024     app_ble_pem3.oem3 (.const:ti_sysbios_gates_GateMutex_Module__FXNS__C)

.const:ti_sysbios_family_arm_m3_Hwi_Object__DESC__C 
*          0    00001070    00000020     
                  00001070    00000020     app_ble_pem3.oem3 (.const:ti_sysbios_family_arm_m3_Hwi_Object__DESC__C)

.const:ti_sysbios_gates_GateHwi_Object__DESC__C 
*          0    00001090    00000020     
                  00001090    00000020     app_ble_pem3.oem3 (.const:ti_sysbios_gates_GateHwi_Object__DESC__C)

.const:ti_sysbios_gates_GateMutex_Object__DESC__C 
*          0    000010b0    00000020     
                  000010b0    00000020     app_ble_pem3.oem3 (.const:ti_sysbios_gates_GateMutex_Object__DESC__C)

.const:ti_sysbios_hal_Hwi_Object__DESC__C 
*          0    000010d0    00000020     
                  000010d0    00000020     app_ble_pem3.oem3 (.const:ti_sysbios_hal_Hwi_Object__DESC__C)

.const:ti_sysbios_heaps_HeapMem_Object__DESC__C 
*          0    000010f0    00000020     
                  000010f0    00000020     app_ble_pem3.oem3 (.const:ti_sysbios_heaps_HeapMem_Object__DESC__C)

.const:ti_sysbios_knl_Clock_Object__DESC__C 
*          0    00001110    00000020     
                  00001110    00000020     app_ble_pem3.oem3 (.const:ti_sysbios_knl_Clock_Object__DESC__C)

.const:ti_sysbios_knl_Event_Object__DESC__C 
*          0    00001130    00000020     
                  00001130    00000020     app_ble_pem3.oem3 (.const:ti_sysbios_knl_Event_Object__DESC__C)

.const:ti_sysbios_knl_Mailbox_Object__DESC__C 
*          0    00001150    00000020     
                  00001150    00000020     app_ble_pem3.oem3 (.const:ti_sysbios_knl_Mailbox_Object__DESC__C)

.const:ti_sysbios_knl_Queue_Object__DESC__C 
*          0    00001170    00000020     
                  00001170    00000020     app_ble_pem3.oem3 (.const:ti_sysbios_knl_Queue_Object__DESC__C)

.const:ti_sysbios_knl_Semaphore_Object__DESC__C 
*          0    00001190    00000020     
                  00001190    00000020     app_ble_pem3.oem3 (.const:ti_sysbios_knl_Semaphore_Object__DESC__C)

.const:ti_sysbios_knl_Swi_Object__DESC__C 
*          0    000011b0    00000020     
                  000011b0    00000020     app_ble_pem3.oem3 (.const:ti_sysbios_knl_Swi_Object__DESC__C)

.const:ti_sysbios_knl_Task_Object__DESC__C 
*          0    000011d0    00000020     
                  000011d0    00000020     app_ble_pem3.oem3 (.const:ti_sysbios_knl_Task_Object__DESC__C)

.const:ti_sysbios_knl_Idle_funcList__C 
*          0    000011f0    00000008     
                  000011f0    00000008     app_ble_pem3.oem3 (.const:ti_sysbios_knl_Idle_funcList__C)

.const:ti_sysbios_family_arm_cc26xx_Timer_startupNeeded__C 
*          0    000011f8    00000004     
                  000011f8    00000004     app_ble_pem3.oem3 (.const:ti_sysbios_family_arm_cc26xx_Timer_startupNeeded__C)

.const:ti_sysbios_family_arm_m3_Hwi_E_alreadyDefined__C 
*          0    000011fc    00000004     
                  000011fc    00000004     app_ble_pem3.oem3 (.const:ti_sysbios_family_arm_m3_Hwi_E_alreadyDefined__C)

.const:ti_sysbios_family_arm_m3_Hwi_E_hwiLimitExceeded__C 
*          0    00001200    00000004     
                  00001200    00000004     app_ble_pem3.oem3 (.const:ti_sysbios_family_arm_m3_Hwi_E_hwiLimitExceeded__C)

.const:ti_sysbios_family_arm_m3_Hwi_NUM_INTERRUPTS__C 
*          0    00001204    00000004     
                  00001204    00000004     app_ble_pem3.oem3 (.const:ti_sysbios_family_arm_m3_Hwi_NUM_INTERRUPTS__C)

.const:ti_sysbios_family_arm_m3_Hwi_Object__count__C 
*          0    00001208    00000004     
                  00001208    00000004     app_ble_pem3.oem3 (.const:ti_sysbios_family_arm_m3_Hwi_Object__count__C)

.const:ti_sysbios_family_arm_m3_Hwi_Object__table__C 
*          0    0000120c    00000004     
                  0000120c    00000004     app_ble_pem3.oem3 (.const:ti_sysbios_family_arm_m3_Hwi_Object__table__C)

.const:ti_sysbios_family_arm_m3_Hwi_ccr__C 
*          0    00001210    00000004     
                  00001210    00000004     app_ble_pem3.oem3 (.const:ti_sysbios_family_arm_m3_Hwi_ccr__C)

.const:ti_sysbios_family_arm_m3_Hwi_excHandlerFunc__C 
*          0    00001214    00000004     
                  00001214    00000004     app_ble_pem3.oem3 (.const:ti_sysbios_family_arm_m3_Hwi_excHandlerFunc__C)

.const:ti_sysbios_family_arm_m3_Hwi_nullIsrFunc__C 
*          0    00001218    00000004     
                  00001218    00000004     app_ble_pem3.oem3 (.const:ti_sysbios_family_arm_m3_Hwi_nullIsrFunc__C)

.const:ti_sysbios_family_arm_m3_Hwi_numSparseInterrupts__C 
*          0    0000121c    00000004     
                  0000121c    00000004     app_ble_pem3.oem3 (.const:ti_sysbios_family_arm_m3_Hwi_numSparseInterrupts__C)

.const:ti_sysbios_family_arm_m3_Hwi_priGroup__C 
*          0    00001220    00000004     
                  00001220    00000004     app_ble_pem3.oem3 (.const:ti_sysbios_family_arm_m3_Hwi_priGroup__C)

.const:ti_sysbios_family_arm_m3_TaskSupport_stackAlignment__C 
*          0    00001224    00000004     
                  00001224    00000004     app_ble_pem3.oem3 (.const:ti_sysbios_family_arm_m3_TaskSupport_stackAlignment__C)

.const:ti_sysbios_heaps_HeapMem_E_memory__C 
*          0    00001228    00000004     
                  00001228    00000004     app_ble_pem3.oem3 (.const:ti_sysbios_heaps_HeapMem_E_memory__C)

.const:ti_sysbios_heaps_HeapMem_Module__gateObj__C 
*          0    0000122c    00000004     
                  0000122c    00000004     app_ble_pem3.oem3 (.const:ti_sysbios_heaps_HeapMem_Module__gateObj__C)

.const:ti_sysbios_heaps_HeapMem_Object__count__C 
*          0    00001230    00000004     
                  00001230    00000004     app_ble_pem3.oem3 (.const:ti_sysbios_heaps_HeapMem_Object__count__C)

.const:ti_sysbios_heaps_HeapMem_Object__table__C 
*          0    00001234    00000004     
                  00001234    00000004     app_ble_pem3.oem3 (.const:ti_sysbios_heaps_HeapMem_Object__table__C)

.const:ti_sysbios_heaps_HeapMem_reqAlign__C 
*          0    00001238    00000004     
                  00001238    00000004     app_ble_pem3.oem3 (.const:ti_sysbios_heaps_HeapMem_reqAlign__C)

.const:ti_sysbios_knl_Clock_triggerClock__C 
*          0    0000123c    00000004     
                  0000123c    00000004     app_ble_pem3.oem3 (.const:ti_sysbios_knl_Clock_triggerClock__C)

.const:ti_sysbios_knl_Mailbox_Object__count__C 
*          0    00001240    00000004     
                  00001240    00000004     app_ble_pem3.oem3 (.const:ti_sysbios_knl_Mailbox_Object__count__C)

.const:ti_sysbios_knl_Mailbox_Object__table__C 
*          0    00001244    00000004     
                  00001244    00000004     app_ble_pem3.oem3 (.const:ti_sysbios_knl_Mailbox_Object__table__C)

.const:ti_sysbios_knl_Mailbox_maxTypeAlign__C 
*          0    00001248    00000004     
                  00001248    00000004     app_ble_pem3.oem3 (.const:ti_sysbios_knl_Mailbox_maxTypeAlign__C)

.const:ti_sysbios_knl_Queue_Object__count__C 
*          0    0000124c    00000004     
                  0000124c    00000004     app_ble_pem3.oem3 (.const:ti_sysbios_knl_Queue_Object__count__C)

.const:ti_sysbios_knl_Queue_Object__table__C 
*          0    00001250    00000004     
                  00001250    00000004     app_ble_pem3.oem3 (.const:ti_sysbios_knl_Queue_Object__table__C)

.const:ti_sysbios_knl_Semaphore_eventPost__C 
*          0    00001254    00000004     
                  00001254    00000004     app_ble_pem3.oem3 (.const:ti_sysbios_knl_Semaphore_eventPost__C)

.const:ti_sysbios_knl_Semaphore_eventSync__C 
*          0    00001258    00000004     
                  00001258    00000004     app_ble_pem3.oem3 (.const:ti_sysbios_knl_Semaphore_eventSync__C)

.const:ti_sysbios_knl_Swi_Object__count__C 
*          0    0000125c    00000004     
                  0000125c    00000004     app_ble_pem3.oem3 (.const:ti_sysbios_knl_Swi_Object__count__C)

.const:ti_sysbios_knl_Swi_Object__table__C 
*          0    00001260    00000004     
                  00001260    00000004     app_ble_pem3.oem3 (.const:ti_sysbios_knl_Swi_Object__table__C)

.const:ti_sysbios_knl_Swi_numPriorities__C 
*          0    00001264    00000004     
                  00001264    00000004     app_ble_pem3.oem3 (.const:ti_sysbios_knl_Swi_numPriorities__C)

.const:ti_sysbios_knl_Task_Object__count__C 
*          0    00001268    00000004     
                  00001268    00000004     app_ble_pem3.oem3 (.const:ti_sysbios_knl_Task_Object__count__C)

.const:ti_sysbios_knl_Task_Object__table__C 
*          0    0000126c    00000004     
                  0000126c    00000004     app_ble_pem3.oem3 (.const:ti_sysbios_knl_Task_Object__table__C)

.const:ti_sysbios_knl_Task_allBlockedFunc__C 
*          0    00001270    00000004     
                  00001270    00000004     app_ble_pem3.oem3 (.const:ti_sysbios_knl_Task_allBlockedFunc__C)

.const:ti_sysbios_knl_Task_defaultStackHeap__C 
*          0    00001274    00000004     
                  00001274    00000004     app_ble_pem3.oem3 (.const:ti_sysbios_knl_Task_defaultStackHeap__C)

.const:ti_sysbios_knl_Task_defaultStackSize__C 
*          0    00001278    00000004     
                  00001278    00000004     app_ble_pem3.oem3 (.const:ti_sysbios_knl_Task_defaultStackSize__C)

.const:ti_sysbios_knl_Task_numConstructedTasks__C 
*          0    0000127c    00000004     
                  0000127c    00000004     app_ble_pem3.oem3 (.const:ti_sysbios_knl_Task_numConstructedTasks__C)

.const:ti_sysbios_family_arm_cc26xx_Timer_Module__id__C 
*          0    00001280    00000002     
                  00001280    00000002     app_ble_pem3.oem3 (.const:ti_sysbios_family_arm_cc26xx_Timer_Module__id__C)

.const:ti_sysbios_family_arm_cc26xx_TimestampProvider_useClockTimer__C 
*          0    00001282    00000002     
                  00001282    00000002     app_ble_pem3.oem3 (.const:ti_sysbios_family_arm_cc26xx_TimestampProvider_useClockTimer__C)

.const:ti_sysbios_family_arm_m3_Hwi_Module__id__C 
*          0    00001284    00000002     
                  00001284    00000002     app_ble_pem3.oem3 (.const:ti_sysbios_family_arm_m3_Hwi_Module__id__C)

.const:ti_sysbios_gates_GateHwi_Module__id__C 
*          0    00001286    00000002     
                  00001286    00000002     app_ble_pem3.oem3 (.const:ti_sysbios_gates_GateHwi_Module__id__C)

.const:ti_sysbios_gates_GateMutex_Module__id__C 
*          0    00001288    00000002     
                  00001288    00000002     app_ble_pem3.oem3 (.const:ti_sysbios_gates_GateMutex_Module__id__C)

.const:ti_sysbios_heaps_HeapMem_Module__id__C 
*          0    0000128a    00000002     
                  0000128a    00000002     app_ble_pem3.oem3 (.const:ti_sysbios_heaps_HeapMem_Module__id__C)

.const:ti_sysbios_knl_Task_initStackFlag__C 
*          0    0000128c    00000002     
                  0000128c    00000002     app_ble_pem3.oem3 (.const:ti_sysbios_knl_Task_initStackFlag__C)

.const:ti_sysbios_knl_Clock_tickMode__C 
*          0    0000128e    00000001     
                  0000128e    00000001     app_ble_pem3.oem3 (.const:ti_sysbios_knl_Clock_tickMode__C)

.const:xdc_runtime_Startup_firstFxns__C 
*          0    00001290    00000008     
                  00001290    00000008     app_ble_pem3.oem3 (.const:xdc_runtime_Startup_firstFxns__C)

.const:xdc_runtime_Startup_lastFxns__C 
*          0    00001298    00000008     
                  00001298    00000008     app_ble_pem3.oem3 (.const:xdc_runtime_Startup_lastFxns__C)

.const:xdc_runtime_Assert_E_assertFailed__C 
*          0    000012a0    00000004     
                  000012a0    00000004     app_ble_pem3.oem3 (.const:xdc_runtime_Assert_E_assertFailed__C)

.const:xdc_runtime_Error_E_memory__C 
*          0    000012a4    00000004     
                  000012a4    00000004     app_ble_pem3.oem3 (.const:xdc_runtime_Error_E_memory__C)

.const:xdc_runtime_Error_policyFxn__C 
*          0    000012a8    00000004     
                  000012a8    00000004     app_ble_pem3.oem3 (.const:xdc_runtime_Error_policyFxn__C)

.const:xdc_runtime_Error_raiseHook__C 
*          0    000012ac    00000004     
                  000012ac    00000004     app_ble_pem3.oem3 (.const:xdc_runtime_Error_raiseHook__C)

.const:xdc_runtime_IGateProvider_Interface__BASE__C 
*          0    000012b0    00000004     
                  000012b0    00000004     app_ble_pem3.oem3 (.const:xdc_runtime_IGateProvider_Interface__BASE__C)

.const:xdc_runtime_IHeap_Interface__BASE__C 
*          0    000012b4    00000004     
                  000012b4    00000004     app_ble_pem3.oem3 (.const:xdc_runtime_IHeap_Interface__BASE__C)

.const:xdc_runtime_IModule_Interface__BASE__C 
*          0    000012b8    00000004     
                  000012b8    00000004     app_ble_pem3.oem3 (.const:xdc_runtime_IModule_Interface__BASE__C)

.const:xdc_runtime_Memory_defaultHeapInstance__C 
*          0    000012bc    00000004     
                  000012bc    00000004     app_ble_pem3.oem3 (.const:xdc_runtime_Memory_defaultHeapInstance__C)

.const:xdc_runtime_Startup_execImpl__C 
*          0    000012c0    00000004     
                  000012c0    00000004     app_ble_pem3.oem3 (.const:xdc_runtime_Startup_execImpl__C)

.const:xdc_runtime_Startup_maxPasses__C 
*          0    000012c4    00000004     
                  000012c4    00000004     app_ble_pem3.oem3 (.const:xdc_runtime_Startup_maxPasses__C)

.const:xdc_runtime_Startup_sfxnRts__C 
*          0    000012c8    00000004     
                  000012c8    00000004     app_ble_pem3.oem3 (.const:xdc_runtime_Startup_sfxnRts__C)

.const:xdc_runtime_Startup_sfxnTab__C 
*          0    000012cc    00000004     
                  000012cc    00000004     app_ble_pem3.oem3 (.const:xdc_runtime_Startup_sfxnTab__C)

.const:xdc_runtime_Startup_startModsFxn__C 
*          0    000012d0    00000004     
                  000012d0    00000004     app_ble_pem3.oem3 (.const:xdc_runtime_Startup_startModsFxn__C)

.const:xdc_runtime_SysCallback_abortFxn__C 
*          0    000012d4    00000004     
                  000012d4    00000004     app_ble_pem3.oem3 (.const:xdc_runtime_SysCallback_abortFxn__C)

.const:xdc_runtime_SysCallback_exitFxn__C 
*          0    000012d8    00000004     
                  000012d8    00000004     app_ble_pem3.oem3 (.const:xdc_runtime_SysCallback_exitFxn__C)

.const:xdc_runtime_System_abortFxn__C 
*          0    000012dc    00000004     
                  000012dc    00000004     app_ble_pem3.oem3 (.const:xdc_runtime_System_abortFxn__C)

.const:xdc_runtime_System_exitFxn__C 
*          0    000012e0    00000004     
                  000012e0    00000004     app_ble_pem3.oem3 (.const:xdc_runtime_System_exitFxn__C)

.const:xdc_runtime_System_maxAtexitHandlers__C 
*          0    000012e4    00000004     
                  000012e4    00000004     app_ble_pem3.oem3 (.const:xdc_runtime_System_maxAtexitHandlers__C)

.const:xdc_runtime_Text_charTab__C 
*          0    000012e8    00000004     
                  000012e8    00000004     app_ble_pem3.oem3 (.const:xdc_runtime_Text_charTab__C)

.const:xdc_runtime_Text_nameEmpty__C 
*          0    000012ec    00000004     
                  000012ec    00000004     app_ble_pem3.oem3 (.const:xdc_runtime_Text_nameEmpty__C)

.const:xdc_runtime_Text_nameStatic__C 
*          0    000012f0    00000004     
                  000012f0    00000004     app_ble_pem3.oem3 (.const:xdc_runtime_Text_nameStatic__C)

.const:xdc_runtime_Text_nameUnknown__C 
*          0    000012f4    00000004     
                  000012f4    00000004     app_ble_pem3.oem3 (.const:xdc_runtime_Text_nameUnknown__C)

.const:xdc_runtime_Error_maxDepth__C 
*          0    000012f8    00000002     
                  000012f8    00000002     app_ble_pem3.oem3 (.const:xdc_runtime_Error_maxDepth__C)

.const:xdc_runtime_Memory_Module__id__C 
*          0    000012fa    00000002     
                  000012fa    00000002     app_ble_pem3.oem3 (.const:xdc_runtime_Memory_Module__id__C)

.const:xdc_runtime_Text_charCnt__C 
*          0    000012fc    00000002     
                  000012fc    00000002     app_ble_pem3.oem3 (.const:xdc_runtime_Text_charCnt__C)

.const:xdc_runtime_Text_isLoaded__C 
*          0    000012fe    00000002     
                  000012fe    00000002     app_ble_pem3.oem3 (.const:xdc_runtime_Text_isLoaded__C)

.const:xdc_runtime_Error_policy__C 
*          0    00001300    00000001     
                  00001300    00000001     app_ble_pem3.oem3 (.const:xdc_runtime_Error_policy__C)

.const:ti_sysbios_rom_ROM_ti_sysbios_family_arm_cc26xx_Timer_getCount64__E 
*          0    00001304    00000004     
                  00001304    00000004     app_ble_pem3.oem3 (.const:ti_sysbios_rom_ROM_ti_sysbios_family_arm_cc26xx_Timer_getCount64__E)

.const:ti_sysbios_rom_ROM_ti_sysbios_family_arm_cc26xx_Timer_getCurrentTick__E 
*          0    00001308    00000004     
                  00001308    00000004     app_ble_pem3.oem3 (.const:ti_sysbios_rom_ROM_ti_sysbios_family_arm_cc26xx_Timer_getCurrentTick__E)

.const:ti_sysbios_rom_ROM_ti_sysbios_family_arm_cc26xx_Timer_getMaxTicks__E 
*          0    0000130c    00000004     
                  0000130c    00000004     app_ble_pem3.oem3 (.const:ti_sysbios_rom_ROM_ti_sysbios_family_arm_cc26xx_Timer_getMaxTicks__E)

.const:ti_sysbios_rom_ROM_ti_sysbios_family_arm_cc26xx_Timer_initDevice__I 
*          0    00001310    00000004     
                  00001310    00000004     app_ble_pem3.oem3 (.const:ti_sysbios_rom_ROM_ti_sysbios_family_arm_cc26xx_Timer_initDevice__I)

.const:ti_sysbios_rom_ROM_ti_sysbios_family_arm_cc26xx_Timer_setNextTick__E 
*          0    00001314    00000004     
                  00001314    00000004     app_ble_pem3.oem3 (.const:ti_sysbios_rom_ROM_ti_sysbios_family_arm_cc26xx_Timer_setNextTick__E)

.const:ti_sysbios_rom_ROM_ti_sysbios_family_arm_cc26xx_Timer_setThreshold__I 
*          0    00001318    00000004     
                  00001318    00000004     app_ble_pem3.oem3 (.const:ti_sysbios_rom_ROM_ti_sysbios_family_arm_cc26xx_Timer_setThreshold__I)

.const:ti_sysbios_rom_ROM_ti_sysbios_family_arm_cc26xx_Timer_start__E 
*          0    0000131c    00000004     
                  0000131c    00000004     app_ble_pem3.oem3 (.const:ti_sysbios_rom_ROM_ti_sysbios_family_arm_cc26xx_Timer_start__E)

.const:ti_sysbios_rom_ROM_ti_sysbios_family_arm_cc26xx_TimestampProvider_get32__E 
*          0    00001320    00000004     
                  00001320    00000004     app_ble_pem3.oem3 (.const:ti_sysbios_rom_ROM_ti_sysbios_family_arm_cc26xx_TimestampProvider_get32__E)

.const:ti_sysbios_rom_ROM_xdc_runtime_Startup_getState__I 
*          0    00001324    00000004     
                  00001324    00000004     app_ble_pem3.oem3 (.const:ti_sysbios_rom_ROM_xdc_runtime_Startup_getState__I)

.const:ti_sysbios_rom_ROM_xdc_runtime_System_SupportProxy_abort__E 
*          0    00001328    00000004     
                  00001328    00000004     app_ble_pem3.oem3 (.const:ti_sysbios_rom_ROM_xdc_runtime_System_SupportProxy_abort__E)

.const:ti_sysbios_rom_ROM_xdc_runtime_System_SupportProxy_exit__E 
*          0    0000132c    00000004     
                  0000132c    00000004     app_ble_pem3.oem3 (.const:ti_sysbios_rom_ROM_xdc_runtime_System_SupportProxy_exit__E)

.data:ti_sysbios_knl_Task_Module__state__V 
*          0    20000100    00000044     UNINITIALIZED
                  20000100    00000044     app_ble_pem3.oem3 (.data:ti_sysbios_knl_Task_Module__state__V)

.data:ti_sysbios_family_arm_m3_Hwi_Module__state__V 
*          0    20000144    00000034     UNINITIALIZED
                  20000144    00000034     app_ble_pem3.oem3 (.data:ti_sysbios_family_arm_m3_Hwi_Module__state__V)

.data:ti_sysbios_knl_Clock_Module__state__V 
*          0    20000178    0000002c     UNINITIALIZED
                  20000178    0000002c     app_ble_pem3.oem3 (.data:ti_sysbios_knl_Clock_Module__state__V)

.data:ti_sysbios_BIOS_Module__state__V 
*          0    200001a4    00000024     UNINITIALIZED
                  200001a4    00000024     app_ble_pem3.oem3 (.data:ti_sysbios_BIOS_Module__state__V)

.data:ti_sysbios_knl_Swi_Module__state__V 
*          0    200001c8    0000001c     UNINITIALIZED
                  200001c8    0000001c     app_ble_pem3.oem3 (.data:ti_sysbios_knl_Swi_Module__state__V)

.data:ti_sysbios_family_arm_cc26xx_Timer_Module__state__V 
*          0    200001e4    00000008     UNINITIALIZED
                  200001e4    00000008     app_ble_pem3.oem3 (.data:ti_sysbios_family_arm_cc26xx_Timer_Module__state__V)

.data:ti_sysbios_family_arm_cc26xx_TimestampProvider_Module__state__V 
*          0    200001ec    00000004     UNINITIALIZED
                  200001ec    00000004     app_ble_pem3.oem3 (.data:ti_sysbios_family_arm_cc26xx_TimestampProvider_Module__state__V)

.data:xdc_runtime_Startup_Module__state__V 
*          0    200001f0    00000008     UNINITIALIZED
                  200001f0    00000008     app_ble_pem3.oem3 (.data:xdc_runtime_Startup_Module__state__V)

.data:xdc_runtime_System_Module__state__V 
*          0    200001f8    00000008     UNINITIALIZED
                  200001f8    00000008     app_ble_pem3.oem3 (.data:xdc_runtime_System_Module__state__V)

.data:xdc_runtime_Memory_Module__state__V 
*          0    20000200    00000004     UNINITIALIZED
                  20000200    00000004     app_ble_pem3.oem3 (.data:xdc_runtime_Memory_Module__state__V)

.data:xdc_runtime_Error_Module__state__V 
*          0    20000204    00000002     UNINITIALIZED
                  20000204    00000002     app_ble_pem3.oem3 (.data:xdc_runtime_Error_Module__state__V)

.bootVecs 
*          0    00000000    00000008     DSECT
                  00000000    00000008     boot.aem3 : boot.oem3 (.bootVecs)

.resetVecs 
*          0    00000000    0000003c     
                  00000000    0000003c     app_ble_pem3.oem3 (.resetVecs)

.vecs      0    20000000    000000c8     NOLOAD SECTION
                  20000000    000000c8     app_ble_pem3.oem3 (.vecs)

xdc.meta   0    00000000    0000010f     COPY SECTION
                  00000000    0000010f     app_ble_pem3.oem3 (xdc.meta)

xdc.noload 
*          0    00000000    00000000     COPY SECTION

.cinit     0    000135b8    000005b4     
                  000135b8    00000432     (.cinit..data.load) [load image, compression = lzss]
                  000139ea    00000028     (.cinit..data:ti_sysbios_family_arm_m3_Hwi_Module__state__V.load) [load image, compression = lzss]
                  00013a12    00000021     (.cinit..data:ti_sysbios_knl_Task_Module__state__V.load) [load image, compression = lzss]
                  00013a33    0000001f     (.cinit..data:ti_sysbios_BIOS_Module__state__V.load) [load image, compression = lzss]
                  00013a52    0000001e     (.cinit..data:ti_sysbios_knl_Clock_Module__state__V.load) [load image, compression = lzss]
                  00013a70    00000010     (.cinit..data:ti_sysbios_knl_Swi_Module__state__V.load) [load image, compression = lzss]
                  00013a80    0000000c     (__TI_handler_table)
                  00013a8c    0000000b     (.cinit..data:ti_sysbios_family_arm_cc26xx_Timer_Module__state__V.load) [load image, compression = lzss]
                  00013a97    00000001     --HOLE-- [fill = 0]
                  00013a98    00000008     (.cinit..TI.bound:dmaADCAltControlTableEntry.load) [load image, compression = zero_init]
                  00013aa0    00000008     (.cinit..TI.bound:dmaADCPriControlTableEntry.load) [load image, compression = zero_init]
                  00013aa8    00000008     (.cinit..TI.bound:dmaGPT0AAltControlTableEntry.load) [load image, compression = zero_init]
                  00013ab0    00000008     (.cinit..TI.bound:dmaGPT0APriControlTableEntry.load) [load image, compression = zero_init]
                  00013ab8    00000008     (.cinit..bss.load) [load image, compression = zero_init]
                  00013ac0    00000008     (.cinit..data:xdc_runtime_Memory_Module__state__V.load) [load image, compression = lzss]
                  00013ac8    00000007     (.cinit..data:ti_sysbios_family_arm_cc26xx_TimestampProvider_Module__state__V.load) [load image, compression = lzss]
                  00013acf    00000007     (.cinit..data:xdc_runtime_Startup_Module__state__V.load) [load image, compression = lzss]
                  00013ad6    00000007     (.cinit..data:xdc_runtime_System_Module__state__V.load) [load image, compression = lzss]
                  00013add    00000006     (.cinit..data:xdc_runtime_Error_Module__state__V.load) [load image, compression = lzss]
                  00013ae3    00000001     --HOLE-- [fill = 0]
                  00013ae4    00000088     (__TI_cinit_table)

.init_array 
*          0    00000000    00000000     UNINITIALIZED

.snvSectors 
*          0    0001e000    00001000     
                  0001e000    00001000     project_zero_cc2640r2lp_stack_library.lib : osal_snv_wrapper.obj (.snvSectors:retain)

.ccfg      0    0001ffa8    00000058     
                  0001ffa8    00000058     ccfg_app_ble.obj (.ccfg:retain)

.TI.bound:dmaGPT0APriControlTableEntry 
*          0    20000490    00000010     UNINITIALIZED
                  20000490    00000010     drivers_cc26x0r2.aem3 : ADCBufCC26XX.oem3 (.TI.bound:dmaGPT0APriControlTableEntry)

.data      0    200006a0    00001bb9     UNINITIALIZED
                  200006a0    000005b8     UartLog.obj (.data:$O21$$)
                  20000c58    00000530     project_zero.obj (.data:$O1$$)
                  20001188    00000340     peripheral.obj (.data:$O17$$)
                  200014c8    000001d4     devinfoservice.obj (.data:$O13$$)
                  2000169c    00000174     project_zero_cc2640r2lp_stack_library.lib : gapbondmgr.obj (.data:$O24$$)
                  20001810    00000114     drivers_cc26x0r2.aem3 : PINCC26XX.oem3 (.data:$O1$$)
                  20001924    00000114                           : PowerCC26XX.oem3 (.data:PowerCC26XX_module)
                  20001a38    000000ac     data_service.obj (.data:$O11$$)
                  20001ae4    0000009c     icall.obj (.data:$O6$$)
                  20001b80    00000084     button_service.obj (.data:$O9$$)
                  20001c04    00000080     led_service.obj (.data:$O15$$)
                  20001c84    0000007c     project_zero_cc2640r2lp_stack_library.lib : osal_cbtimer.obj (.data:$O26$$)
                  20001d00    00000070     temperature_service.obj (.data:$O18$$)
                  20001d70    00000070     cc26xx_profiles_pxxx.a : gapgattserver.o (.data)
                  20001de0    00000058     drivers_cc26x0r2.aem3 : CryptoResourceCC26XX.oem3 (.data:$O1$$)
                  20001e38    00000054     cc26xx_gap_pxxx.a : gap_configmgr.o (.data)
                  20001e8c    0000004c     app_ble_pem3.oem3 (.data:ti_sysbios_knl_Task_Object__table__V)
                  20001ed8    00000048     app_ble_pem3.oem3 (.data:ti_sysbios_family_arm_cc26xx_Timer_Object__table__V)
                  20001f20    00000038     cc2640_ctrlll_pxxx.a : ll_config.o (.data)
                  20001f58    00000038     app_ble_pem3.oem3 (.data:ti_sysbios_gates_GateMutex_Object__table__V)
                  20001f90    00000030     ble_user_config.obj (.data:rfRegTbl)
                  20001fc0    00000030     app_ble_pem3.oem3 (.data:ti_sysbios_knl_Swi_Module_State_0_readyQ__A)
                  20001ff0    00000030     app_ble_pem3.oem3 (.data:ti_sysbios_knl_Swi_Object__table__V)
                  20002020    00000030     app_ble_pem3.oem3 (.data:ti_sysbios_knl_Task_Module_State_0_readyQ__A)
                  20002050    0000002c     project_zero_cc2640r2lp_stack_library.lib : osal.obj (.data:$O25$$)
                  2000207c    00000028     ECCROMCC26XX.obj (.data:$O3$$)
                  200020a4    00000024     cc26xx_profiles_pxxx.a : gapgattserver.o (.data)
                  200020c8    00000020     app_ble_pem3.oem3 (.data:ti_sysbios_knl_Clock_Object__table__V)
                  200020e8    00000020     app_ble_pem3.oem3 (.data:xdc_runtime_Error_IgnoreBlock)
                  20002108    00000018     app_ble_pem3.oem3 (.data:ti_sysbios_family_arm_m3_Hwi_Object__table__V)
                  20002120    00000010     icall_user_config.obj (.data:bleAppServiceInfoTable)
                  20002130    00000010     cc26xx_profiles_pxxx.a : gattservapp.o (.data)
                  20002140    00000010     icall_api_lite.obj (.data)
                  20002150    00000010     ble_user_config.obj (.data:rfModeOverride)
                  20002160    00000010     main.obj (.data:user0Cfg)
                  20002170    0000000c     cc2640_ctrlll_pxxx.a : ll_data.o (.data)
                  2000217c    0000000c     app_ble_pem3.oem3 (.data:ti_sysbios_heaps_HeapCallback_Object__table__V)
                  20002188    00000009     devinfoservice.obj (.data)
                  20002191    00000003     led_service.obj (.data)
                  20002194    00000008     project_zero_cc2640r2lp_stack_library.lib : hal_assert.obj (.data:$O22$$)
                  2000219c    00000008                                               : osal_clock.obj (.data:$O30$$)
                  200021a4    00000008     rtsv7M3_T_le_eabi.lib : _lock.c.obj (.data:$O31$$)
                  200021ac    00000008     icall_cc2650.obj (.data:$O8$$)
                  200021b4    00000008     app_ble_pem3.oem3 (.data:ti_sysbios_family_arm_m3_Hwi_Module__root__V)
                  200021bc    00000008     app_ble_pem3.oem3 (.data:ti_sysbios_gates_GateHwi_Module__root__V)
                  200021c4    00000008     app_ble_pem3.oem3 (.data:ti_sysbios_gates_GateMutex_Module__root__V)
                  200021cc    00000008     app_ble_pem3.oem3 (.data:ti_sysbios_hal_Hwi_Module__root__V)
                  200021d4    00000008     app_ble_pem3.oem3 (.data:ti_sysbios_heaps_HeapCallback_Module__root__V)
                  200021dc    00000008     app_ble_pem3.oem3 (.data:ti_sysbios_heaps_HeapMem_Module__root__V)
                  200021e4    00000008     app_ble_pem3.oem3 (.data:ti_sysbios_knl_Clock_Module__root__V)
                  200021ec    00000008     app_ble_pem3.oem3 (.data:ti_sysbios_knl_Event_Module__root__V)
                  200021f4    00000008     app_ble_pem3.oem3 (.data:ti_sysbios_knl_Mailbox_Module__root__V)
                  200021fc    00000008     app_ble_pem3.oem3 (.data:ti_sysbios_knl_Queue_Module__root__V)
                  20002204    00000008     app_ble_pem3.oem3 (.data:ti_sysbios_knl_Semaphore_Module__root__V)
                  2000220c    00000008     app_ble_pem3.oem3 (.data:ti_sysbios_knl_Swi_Module__root__V)
                  20002214    00000008     app_ble_pem3.oem3 (.data:ti_sysbios_knl_Task_Module__root__V)
                  2000221c    00000008     app_ble_pem3.oem3 (.data:xdc_runtime_Registry_Module__state__V)
                  20002224    00000004     project_zero_cc2640r2lp_stack_library.lib : osal_snv_wrapper.obj (.data:$O23$$)
                  20002228    00000004                                               : osal_pwrmgr.obj (.data:$O27$$)
                  2000222c    00000004     ble_user_config.obj (.data)
                  20002230    00000004     project_zero_cc2640r2lp_stack_library.lib : ble_user_config.obj (.data)
                  20002234    00000004                                               : osal_bufmgr.obj (.data)
                  20002238    00000004     rtsv7M3_T_le_eabi.lib : stkdepth_vars.c.obj (.data)
                  2000223c    00000004     app_ble_pem3.oem3 (.data:ti_sysbios_family_arm_m3_Hwi_Module_State_0_excContext__A)
                  20002240    00000004     app_ble_pem3.oem3 (.data:ti_sysbios_family_arm_m3_Hwi_Module_State_0_excStack__A)
                  20002244    00000004     app_ble_pem3.oem3 (.data:ti_sysbios_knl_Task_Module_State_0_idleTask__A)
                  20002248    00000002     button_service.obj (.data)
                  2000224a    00000002     data_service.obj (.data)
                  2000224c    00000002     temperature_service.obj (.data)
                  2000224e    00000002     app_ble_pem3.oem3 (.data:ti_sysbios_family_arm_m3_Hwi_Module_State_0_excActive__A)
                  20002250    00000001     TRNGCC26XX.obj (.data)
                  20002251    00000001     cc2640_ctrlll_pxxx.a : ll_data.o (.data)
                  20002252    00000001     cc26xx_profiles_pxxx.a : gapgattserver.o (.data)
                  20002253    00000001                            : gapgattserver.o (.data)
                  20002254    00000001                            : gapgattserver.o (.data)
                  20002255    00000001     drivers_cc26x0r2.aem3 : ADCBuf.oem3 (.data)
                  20002256    00000001                           : ADCBufCC26XX.oem3 (.data)
                  20002257    00000001                           : CryptoCC26XX.oem3 (.data)
                  20002258    00000001                           : UART.oem3 (.data)

.bss       0    20002260    00000adf     UNINITIALIZED
                  20002260    000003a0     RFCC26XX_singleMode.obj (.bss:$O5$$)
                  20002600    00000200     app_ble_pem3.oem3 (.bss:taskStackSection)
                  20002800    0000012c     (.common:uartCC26XXObjects)
                  2000292c    00000120     (.common:gptimerCC26XXObjects)
                  20002a4c    000000c8     (.common:ti_sysbios_family_arm_m3_Hwi_dispatchTable)
                  20002b14    000000a8     (.common:adcBufCC26xxObjects)
                  20002bbc    00000004     cc2640_ctrlll_pxxx.a : ll.o (.bss)
                  20002bc0    00000078                          : ll.o (.bss)
                  20002c38    0000002c     (.common:cryptoCC26XXObjects)
                  20002c64    00000020     (.common:uartCC26XXRingBuffer)
                  20002c84    00000020     (.common:udmaObjects)
                  20002ca4    00000014     RFCC26XX_singleMode.obj (.bss:RF_ratSyncCmd$3)
                  20002cb8    00000014     driverlib.lib : osc.obj (.bss:oscHfGlobals$64)
                  20002ccc    00000010     util.obj (.bss:str$1$1)
                  20002cdc    0000000c     project_zero_cc2640r2lp_stack_library.lib : osal_timers.obj (.bss:$O28$$)
                  20002ce8    0000000c     cc2640_ctrlll_pxxx.a : ll_scheduler.o (.bss)
                  20002cf4    00000008     dpl_cc26x0r2.aem3 : PowerCC26XX_tirtos.oem3 (.bss:$O1$$)
                  20002cfc    00000008     cc2640_ctrlll_pxxx.a : ll_common.o (.bss)
                  20002d04    00000008                          : ll_common.o (.bss)
                  20002d0c    00000008     driverlib.lib : sys_ctrl.obj (.bss:powerQualGlobals$66)
                  20002d14    00000004     cc2640_ctrlll_pxxx.a : ll.o (.bss)
                  20002d18    00000004                          : ll.o (.bss)
                  20002d1c    00000004                          : ll_common.o (.bss)
                  20002d20    00000004     cc26xx_gap_pxxx.a : gap_linkmgr.o (.bss)
                  20002d24    00000004     cc26xx_profiles_pxxx.a : gapgattserver.o (.bss)
                  20002d28    00000004     (.common:ClockP_tickPeriod)
                  20002d2c    00000004     (.common:tasksEvents)
                  20002d30    00000004     (.common:trngCC26XXObjects)
                  20002d34    00000002     cc2640_ctrlll_pxxx.a : ll_slave_end_causes.o (.bss)
                  20002d36    00000001     RFCC26XX_singleMode.obj (.bss)
                  20002d37    00000001     cc26xx_hci_tl_none.a : hci_tl.o (.bss)
                  20002d38    00000001                          : hci_tl.o (.bss)
                  20002d39    00000001                          : hci_tl.o (.bss)
                  20002d3a    00000001                          : hci_tl.o (.bss)
                  20002d3b    00000001                          : hci_tl.o (.bss)
                  20002d3c    00000001     drivers_cc26x0r2.aem3 : CryptoCC26XX.oem3 (.bss)
                  20002d3d    00000001     (.common:driverlib_release_0_56883)
                  20002d3e    00000001     (.common:icall_liteTaskId)

.vtable    0    20002d3f    00000000     UNINITIALIZED

.vtable_ram 
*          0    20002d3f    00000000     UNINITIALIZED

vtable_ram 
*          0    20002d3f    00000000     UNINITIALIZED

.sysmem    0    20002d3f    00000000     UNINITIALIZED

.nonretenvar 
*          0    20002d3f    00000000     UNINITIALIZED

.stack     0    20004000    00000400     UNINITIALIZED
                  20004000    00000400     --HOLE--

.TI.bound:dmaADCPriControlTableEntry 
*          0    20000470    00000010     UNINITIALIZED
                  20000470    00000010     drivers_cc26x0r2.aem3 : ADCBufCC26XX.oem3 (.TI.bound:dmaADCPriControlTableEntry)

.TI.bound:dmaADCAltControlTableEntry 
*          0    20000670    00000010     UNINITIALIZED
                  20000670    00000010     drivers_cc26x0r2.aem3 : ADCBufCC26XX.oem3 (.TI.bound:dmaADCAltControlTableEntry)

.TI.bound:dmaGPT0AAltControlTableEntry 
*          0    20000690    00000010     UNINITIALIZED
                  20000690    00000010     drivers_cc26x0r2.aem3 : ADCBufCC26XX.oem3 (.TI.bound:dmaGPT0AAltControlTableEntry)

.text.1    0    0000003c    00000fc4     
                  0000003c    0000085c     project_zero.obj (.text:ProjectZero_taskFxn$0)
                  00000898    00000008     (.tramp.ti_sysbios_knl_Event_pend__E.1)
                  000008a0    00000008     ble_r2.symbols (.tramp.GATT_bm_free.1)
                  000008a8    00000008     (.tramp.ti_sysbios_knl_Queue_empty__E.1)
                  000008b0    00000008     (.tramp.ti_sysbios_knl_Queue_dequeue__E.1)
                  000008b8    0000055c     peripheral.obj (.text:gapRole_taskFxn$16)
                  00000e14    000001e8     RFCC26XX_singleMode.obj (.text:RF_fsmSetupState$3)
                  00000ffc    00000004     drivers_cc26x0r2.aem3 : ADCBufCC26XX.oem3 (.text:ADCBufCC26XX_getResolution)

.text.2    0    00001330    00010fa0     
                  00001330    0000081c     project_zero.obj (.text:ProjectZero_init$0)
                  00001b4c    0000047c     project_zero_cc2640r2lp_stack_library.lib : icall_startup.obj (.text:startup_entry)
                  00001fc8    00000478     cc2640_ctrlll_pxxx.a : ll.o (.text)
                  00002440    0000038c                          : ll_slave_end_causes.o (.text)
                  000027cc    00000320                          : ll.o (.text)
                  00002aec    00000320     rom_sysbios.aem3 : rom_sysbios.obj (.text:xdc_runtime_System_doPrint__I)
                  00002e0c    00000314     drivers_cc26x0r2.aem3 : PowerCC26XX_calibrateRCOSC.oem3 (.text:PowerCC26XX_auxISR)
                  00003120    000002f4     cc2640_ctrlll_pxxx.a : ll_scheduler.o (.text)
                  00003414    000002d4     RFCC26XX_singleMode.obj (.text:RF_fsmActiveState$3)
                  000036e8    000002ac     data_service.obj (.text:Data_Service_WriteAttrCB$11)
                  00003994    000002a8     led_service.obj (.text:LED_Service_WriteAttrCB$15)
                  00003c3c    00000294     peripheral.obj (.text:GAPRole_SetParameter)
                  00003ed0    00000290     temperature_service.obj (.text:Temperature_Service_WriteAttrCB$17)
                  00004160    00000278     drivers_cc26x0r2.aem3 : CryptoCC26XX.oem3 (.text:cryptoTransactionExecute)
                  000043d8    00000252     main.obj (.text:AssertHandler)
                  0000462a    00000002     ble_user_config.obj (.text:DefaultAssertCback)
                  0000462c    00000244     cc2640_ctrlll_pxxx.a : ll_common.o (.text)
                  00004870    00000240                          : ble.o (.text)
                  00004ab0    00000238     cc26xx_profiles_pxxx.a : gapgattserver.o (.text)
                  00004ce8    00000230     cc2640_ctrlll_pxxx.a : ll_isr.o (.text)
                  00004f18    0000022c     project_zero_cc2640r2lp_stack_library.lib : gapbondmgr.obj (.text:GAPBondMgr_SetParameter)
                  00005144    0000022c     drivers_cc26x0r2.aem3 : PowerCC26XX.oem3 (.text:Power_sleep)
                  00005370    00000220     driverlib.lib : sys_ctrl.obj (.text:NOROM_SysCtrlSetRechargeBeforePowerDown)
                  00005590    00000210     data_service.obj (.text:DataService_SetParameter)
                  000057a0    0000020c     project_zero_cc2640r2lp_stack_library.lib : gapbondmgr.obj (.text:GAPBondMgr_ProcessGAPMsg)
                  000059ac    0000020c     RFCC26XX_singleMode.obj (.text:RF_open)
                  00005bb8    00000200     button_service.obj (.text:ButtonService_SetParameter)
                  00005db8    00000200     cc26xx_profiles_pxxx.a : gattservapp.o (.text)
                  00005fb8    000001e0     ECCROMCC26XX.obj (.text:ECC_VerifyPublicKeyWeierstrass$2)
                  00006198    000001d0     project_zero_cc2640r2lp_stack_library.lib : gapbondmgr.obj (.text:gapBondMgrAddBond$28)
                  00006368    000001c4     temperature_service.obj (.text:TemperatureService_SetParameter)
                  0000652c    000001bc     UartLog.obj (.text:uartLog_flush)
                  000066e8    000001b0     drivers_cc26x0r2.aem3 : PINCC26XX.oem3 (.text:PIN_init)
                  00006898    000001b0     cc2640_ctrlll_pxxx.a : ll_isr.o (.text)
                  00006a48    000001a4     ECCROMCC26XX.obj (.text:ECCROMCC26XX_genDHKey)
                  00006bec    000001a4     project_zero.obj (.text:user_processGapStateChangeEvt$0)
                  00006d90    00000190     drivers_cc26x0r2.aem3 : PowerCC26XX_calibrateRCOSC.oem3 (.text:PowerCC26XX_doCalibrate)
                  00006f20    00000190     project_zero_cc2640r2lp_stack_library.lib : gapbondmgr.obj (.text:gapBondMgrAuthenticate$28)
                  000070b0    00000190     icall.obj (.text:icall_directAPI)
                  00007240    0000018c     cc2640_ctrlll_pxxx.a : ll.o (.text)
                  000073cc    0000018c                          : ll_isr.o (.text)
                  00007558    00000174     led_service.obj (.text:LED_Service_ReadAttrCB$15)
                  000076cc    00000170     temperature_service.obj (.text:Temperature_Service_ReadAttrCB$17)
                  0000783c    00000164     led_service.obj (.text:LedService_SetParameter)
                  000079a0    00000160     button_service.obj (.text:Button_Service_ReadAttrCB$10)
                  00007b00    0000015c     drivers_cc26x0r2.aem3 : ADCBufCC26XX.oem3 (.text:ADCBufCC26XX_open)
                  00007c5c    0000015c     data_service.obj (.text:Data_Service_ReadAttrCB$11)
                  00007db8    0000015c     drivers_cc26x0r2.aem3 : UARTCC26XX.oem3 (.text:UARTCC26XX_open)
                  00007f14    00000154                           : ADCBufCC26XX.oem3 (.text:ADCBufCC26XX_convert)
                  00008068    00000150     project_zero_cc2640r2lp_stack_library.lib : gapbondmgr.obj (.text:GAPBondMgr_ProcessEvent)
                  000081b8    00000150     cc2640_ctrlll_pxxx.a : ll_common.o (.text)
                  00008308    00000148     drivers_cc26x0r2.aem3 : UARTCC26XX.oem3 (.text:UARTCC26XX_hwiIntFxn)
                  00008450    00000144     button_service.obj (.text:Button_Service_WriteAttrCB$10)
                  00008594    00000136     drivers_cc26x0r2.aem3 : UARTCC26XX.oem3 (.text:UARTCC26XX_read)
                  000086ca    00000002     icall.obj (.text:ICall_abort)
                  000086cc    0000012c     drivers_cc26x0r2.aem3 : PowerCC26XX.oem3 (.text:Power_init)
                  000087f8    00000128     ECCROMCC26XX.obj (.text:ECCROMCC26XX_genKeys)
                  00008920    00000128     cc2640_ctrlll_pxxx.a : ll_scheduler.o (.text)
                  00008a48    00000124     peripheral.obj (.text:GAPRole_GetParameter)
                  00008b6c    00000124     project_zero_cc2640r2lp_stack_library.lib : gapbondmgr.obj (.text:gapBondMgrEraseBonding$28)
                  00008c90    00000114     cc26xx_gap_pxxx.a : gap_linkmgr.o (.text)
                  00008da4    00000114     project_zero_cc2640r2lp_stack_library.lib : osal_snv_wrapper.obj (.text:compactPage$26)
                  00008eb8    00000110     cc26xx_gatt_pxxx.a : gatt_server.o (.text)
                  00008fc8    0000010c     project_zero.obj (.text:adcBufferCallbackFxn$0)
                  000090d4    00000108     app_ble_pem3.oem3 (.text:xdc_runtime_System_printfExtend__I)
                  000091dc    000000fc     rtsv7M3_T_le_eabi.lib : fd_mul_t2.asm.obj (.text)
                  000092d8    000000f8     project_zero_cc2640r2lp_stack_library.lib : osal_snv_wrapper.obj (.text:osal_snv_write)
                  000093d0    000000f0     drivers_cc26x0r2.aem3 : PINCC26XX.oem3 (.text:PINCC26XX_setIoCfg)
                  000094c0    000000f0     RFCC26XX_singleMode.obj (.text:RF_radioOpDoneCb$3)
                  000095b0    000000f0     cc2640_ctrlll_pxxx.a : ll.o (.text)
                  000096a0    000000ec     project_zero_cc2640r2lp_stack_library.lib : gapbondmgr.obj (.text:GAPBondMgr_LinkEst)
                  0000978c    000000ec     cc26xx_profiles_pxxx.a : gattservapp.o (.text)
                  00009878    000000e8     led_service.obj (.text:LedService_GetParameter)
                  00009960    000000e8     dpl_cc26x0r2.aem3 : PowerCC26XX_tirtos.oem3 (.text:PowerCC26XX_standbyPolicy)
                  00009a48    000000e8     project_zero_cc2640r2lp_stack_library.lib : osal_timers.obj (.text:osalTimerUpdate)
                  00009b30    000000e4     cc2640_ctrlll_pxxx.a : ll_isr.o (.text)
                  00009c14    000000e4     cc26xx_sm_pxxx.a : sm_pairing.o (.text)
                  00009cf8    000000e2     drivers_cc26x0r2.aem3 : UARTCC26XX.oem3 (.text:UARTCC26XX_write)
                  00009dda    00000002     project_zero_cc2640r2lp_stack_library.lib : onboard.obj (.text:Onboard_soft_reset)
                  00009ddc    000000e0     project_zero.obj (.text:user_gapBondMgr_pairStateCB$0)
                  00009ebc    000000d8     project_zero.obj (.text:ProjectZero_freeAttRsp$0)
                  00009f94    000000d4     RFCC26XX_singleMode.obj (.text:RF_pendCmd)
                  0000a068    000000d0     drivers_cc26x0r2.aem3 : GPTimerCC26XX.oem3 (.text:GPTimerCC26XX_open)
                  0000a138    000000d0     project_zero.obj (.text:user_service_DependencyValueChangeCB$0)
                  0000a208    000000cc     RFCC26XX_singleMode.obj (.text:RF_postCmd)
                  0000a2d4    000000cc     RFCC26XX_singleMode.obj (.text:RF_swiHw$3)
                  0000a3a0    000000c8     main.obj (.text:main)
                  0000a468    000000c4     RFCC26XX_singleMode.obj (.text:RF_control)
                  0000a52c    000000c4     cc26xx_sm_pxxx.a : sm_pairing.o (.text)
                  0000a5f0    000000c4                      : sm_pairing.o (.text)
                  0000a6b4    000000c0     RFCC26XX_singleMode.obj (.text:RF_fsmPowerUpState$3)
                  0000a774    000000c0     project_zero_cc2640r2lp_stack_library.lib : osal.obj (.text:osal_set_event)
                  0000a834    000000bc     drivers_cc26x0r2.aem3 : PowerCC26XX.oem3 (.text:Power_releaseDependency)
                  0000a8f0    000000bc     cc2640_ctrlll_pxxx.a : ll_scheduler.o (.text)
                  0000a9ac    000000b8     driverlib.lib : aux_adc.obj (.text:NOROM_AUXADCEnableSync)
                  0000aa64    000000b8                   : setup.obj (.text:NOROM_SetupTrimDevice)
                  0000ab1c    000000b4     drivers_cc26x0r2.aem3 : PowerCC26XX.oem3 (.text:Power_setDependency)
                  0000abd0    000000b4     devinfoservice.obj (.text:devInfo_ReadAttrCB$12)
                  0000ac84    000000b0     TRNGCC26XX.obj (.text:TRNGCC26XX_getNumber)
                  0000ad34    000000b0     cc26xx_gap_pxxx.a : gap_peridevmgr.o (.text)
                  0000ade4    000000ac     gattservapp_util.obj (.text:GATTServApp_ProcessCharCfg)
                  0000ae90    000000ac     RFCC26XX_singleMode.obj (.text:RF_abortCmd$3)
                  0000af3c    000000a6     rom_sysbios.aem3 : rom_sysbios.obj (.text:xdc_runtime_Text_putSite__E)
                  0000afe2    00000002     RFCC26XX_singleMode.obj (.text:RF_defaultCallback$3)
                  0000afe4    000000a4     project_zero_cc2640r2lp_stack_library.lib : gapbondmgr.obj (.text:GAPBondMgr_ResolveAddr)
                  0000b088    000000a4     drivers_cc26x0r2.aem3 : GPTimerCC26XX.oem3 (.text:GPTimerCC26XX_close)
                  0000b12c    000000a4     RFCC26XX_singleMode.obj (.text:RF_ratRestartChannels$3)
                  0000b1d0    000000a4     UartLog.obj (.text:UartLog_log)
                  0000b274    000000a4     cc2640_ctrlll_pxxx.a : ll_common.o (.text)
                  0000b318    000000a4     project_zero_cc2640r2lp_stack_library.lib : osal.obj (.text:osal_msg_enqueue_push$34)
                  0000b3bc    000000a4     drivers_cc26x0r2.aem3 : PowerCC26XX.oem3 (.text:switchXOSCHFclockFunc)
                  0000b460    000000a3     project_zero.obj (.text:user_service_ValueChangeCB$0)
                  0000b503    00000001     --HOLE-- [fill = 0]
                  0000b504    000000a0     driverlib.lib : aux_adc.obj (.text:NOROM_AUXADCEnableAsync)
                  0000b5a4    000000a0     drivers_cc26x0r2.aem3 : PINCC26XX.oem3 (.text:PIN_open)
                  0000b644    000000a0     auto_init.aem3 : auto_init.oem3 (.text)
                  0000b6e4    0000009e     project_zero_cc2640r2lp_stack_library.lib : gapbondmgr.obj (.text:gapBondMgrUpdateCharCfg$28)
                  0000b782    00000002                                               : sm_ecc.obj (.text:SM_dhKeyCB)
                  0000b784    0000009c     RFCC26XX_singleMode.obj (.text:RF_calculateDispatchTime$3)
                  0000b820    0000009c     project_zero_cc2640r2lp_stack_library.lib : osal_cbtimer.obj (.text:cbTimerSetup$36)
                  0000b8bc    0000009c     rtsv7M3_T_le_eabi.lib : memcpy_t2.asm.obj (.text)
                  0000b958    00000098     drivers_cc26x0r2.aem3 : UARTCC26XX.oem3 (.text:UARTCC26XX_initHw)
                  0000b9f0    00000098                           : UARTCC26XX.oem3 (.text:UARTCC26XX_initIO)
                  0000ba88    00000098     project_zero.obj (.text:buttonCallbackFxn$0)
                  0000bb20    00000098     cc2640_ctrlhci_pxxx.a : hci_event.o (.text)
                  0000bbb8    00000098     cc2640_ctrlll_pxxx.a : ll_common.o (.text)
                  0000bc50    00000098     project_zero_cc2640r2lp_stack_library.lib : osal_cbtimer.obj (.text:osal_CbTimerProcessEvent)
                  0000bce8    00000098     rom_sysbios.aem3 : rom_sysbios.obj (.text:ti_sysbios_knl_Clock_workFuncDynamic__E)
                  0000bd80    00000098                      : rom_sysbios.obj (.text:xdc_runtime_Text_putMod__E)
                  0000be18    00000096     rtsv7M3_T_le_eabi.lib : ull_div_t2.asm.obj (.text)
                  0000beae    00000002     project_zero_cc2640r2lp_stack_library.lib : sm_ecc.obj (.text:SM_p256KeyCB)
                  0000beb0    00000094     drivers_cc26x0r2.aem3 : CryptoCC26XX.oem3 (.text:CryptoCC26XX_allocateKey)
                  0000bf44    00000094     icall.obj (.text:ICall_setTimer)
                  0000bfd8    00000094     driverlib.lib : crypto.obj (.text:NOROM_CRYPTOAesLoadKey)
                  0000c06c    00000094     project_zero_cc2640r2lp_stack_library.lib : osal_timers.obj (.text:osal_timer_refTimeUpdate)
                  0000c100    00000092     project_zero.obj (.text:user_service_CfgChangeCB$0)
                  0000c192    00000002     rtsv7M3_T_le_eabi.lib : _lock.c.obj (.text:_nop)
                  0000c194    00000090     drivers_cc26x0r2.aem3 : CryptoCC26XX.oem3 (.text:CryptoCC26XX_open)
                  0000c224    00000090     driverlib.lib : setup.obj (.text:TrimAfterColdResetWakeupFromShutDown$23)
                  0000c2b4    00000090     project_zero_cc2640r2lp_stack_library.lib : osal.obj (.text:osal_msg_receive)
                  0000c344    00000090     rom_sysbios.aem3 : rom_sysbios.obj (.text:ti_sysbios_family_arm_cc26xx_Timer_start__E)
                  0000c3d4    0000008e     drivers_cc26x0r2.aem3 : UARTCC26XX.oem3 (.text:UARTCC26XX_writeCancel)
                  0000c462    00000002                           : PowerCC26XX.oem3 (.text:emptyClockFunc)
                  0000c464    0000008c     icall.obj (.text:ICall_heapMalloc)
                  0000c4f0    0000008c     cc2640_ctrlll_pxxx.a : ll_enc.o (.text)
                  0000c57c    0000008c     gattservapp_util.obj (.text:gattServApp_SendNotiInd$14)
                  0000c608    00000088     driverlib.lib : aux_adc.obj (.text:NOROM_AUXADCDisable)
                  0000c690    00000088     peripheral.obj (.text:gapRole_startConnUpdate$16)
                  0000c718    00000084     driverlib.lib : crypto.obj (.text:NOROM_CRYPTOCcmInvAuthDecryptResultGet)
                  0000c79c    00000084     drivers_cc26x0r2.aem3 : UARTCC26XX.oem3 (.text:UARTCC26XX_close)
                  0000c820    00000084     cc26xx_profiles_pxxx.a : gapgattserver.o (.text)
                  0000c8a4    00000080     drivers_cc26x0r2.aem3 : ADCBufCC26XX.oem3 (.text:ADCBufCC26XX_hwiFxn)
                  0000c924    00000080     RFCC26XX_singleMode.obj (.text:RF_dispatchNextCmd$3)
                  0000c9a4    00000080     RFCC26XX_singleMode.obj (.text:RF_ratFreeChannel$3)
                  0000ca24    00000080     drivers_cc26x0r2.aem3 : UARTCC26XX.oem3 (.text:writeTxFifoFlush)
                  0000caa4    0000007c     RFCC26XX_singleMode.obj (.text:RF_hwiCpe0Active$3)
                  0000cb20    0000007c     project_zero.obj (.text:buttonDebounceSwiFxn$0)
                  0000cb9c    0000007c     cc2640_ctrlhci_pxxx.a : hci_event.o (.text)
                  0000cc18    0000007c     cc2640_ctrlll_pxxx.a : ll_scheduler.o (.text)
                  0000cc94    0000007c     cc26xx_gap_pxxx.a : gap_linkmgr.o (.text)
                  0000cd10    0000007c     project_zero_cc2640r2lp_stack_library.lib : osal.obj (.text:osal_event_send$34)
                  0000cd8c    0000007a     rtsv7M3_T_le_eabi.lib : memset_t2.asm.obj (.text)
                  0000ce06    00000002     drivers_cc26x0r2.aem3 : CryptoResourceCC26XX.oem3 (.text:errorSpin)
                  0000ce08    00000078     project_zero_cc2640r2lp_stack_library.lib : gapbondmgr.obj (.text:GAPBondMgr_syncResolvingList)
                  0000ce80    00000078     cc2640_ctrlll_pxxx.a : ll_common.o (.text)
                  0000cef8    00000078     cc26xx_profiles_pxxx.a : gattservapp.o (.text)
                  0000cf70    00000077     project_zero.obj (.text:user_gapStateChangeCB$0)
                  0000cfe7    00000001     --HOLE-- [fill = 0]
                  0000cfe8    00000074     cc26xx_sm_pxxx.a : sm_pairing.o (.text)
                  0000d05c    00000074     project_zero_cc2640r2lp_stack_library.lib : gapbondmgr.obj (.text:gapBondMgrBondReq$28)
                  0000d0d0    00000072     cc2640_ctrlll_pxxx.a : ll_common.o (.text)
                  0000d142    00000002     project_zero_cc2640r2lp_stack_library.lib : hal_assert.obj (.text:halAssertHandler)
                  0000d144    00000070     icall.obj (.text:ICall_heapGetStats)
                  0000d1b4    00000070     icall.obj (.text:ICall_heapInit)
                  0000d224    00000070     driverlib.lib : sys_ctrl.obj (.text:NOROM_SysCtrlAdjustRechargeAfterPowerDown)
                  0000d294    00000070     project_zero_cc2640r2lp_stack_library.lib : ble_dispatch_lite.obj (.text:ble_dispatch_liteProcess)
                  0000d304    00000070     cc26xx_hci_tl_none.a : hci_tl.o (.text)
                  0000d374    00000070     drivers_cc26x0r2.aem3 : PowerCC26XX.oem3 (.text:lfClockReadyCallback)
                  0000d3e4    00000070     project_zero_cc2640r2lp_stack_library.lib : osal_snv_wrapper.obj (.text:writeWord$26)
                  0000d454    0000006d     rom_sysbios.aem3 : rom_sysbios.obj (.text:xdc_runtime_System_formatNum__I)
                  0000d4c1    00000001     --HOLE-- [fill = 0]
                  0000d4c2    00000002     project_zero_cc2640r2lp_stack_library.lib : hal_assert.obj (.text:halAssertSpinlock)
                  0000d4c4    0000006c     icall.obj (.text:ICall_send)
                  0000d530    0000006c     icall.obj (.text:ICall_sendServiceComplete)
                  0000d59c    0000006c     driverlib.lib : osc.obj (.text:NOROM_OSCHF_AttemptToSwitchToXosc)
                  0000d608    0000006c     drivers_cc26x0r2.aem3 : PowerCC26XX_calibrateRCOSC.oem3 (.text:PowerCC26XX_initiateCalibration)
                  0000d674    0000006c     cc2640_ctrlll_pxxx.a : ll_common.o (.text)
                  0000d6e0    0000006c                          : ll_scheduler.o (.text)
                  0000d74c    0000006c     drivers_cc26x0r2.aem3 : PowerCC26XX.oem3 (.text:configureXOSCHF)
                  0000d7b8    00000068                           : ADCBufCC26XX.oem3 (.text:ADCBufCC26XX_control)
                  0000d820    00000068                           : CryptoCC26XX.oem3 (.text:CryptoCC26XX_loadKey)
                  0000d888    00000068     driverlib.lib : sys_ctrl.obj (.text:NOROM_SysCtrl_DCDC_VoltageConditionalControl)
                  0000d8f0    00000068     RFCC26XX_singleMode.obj (.text:RF_getCurrentTime)
                  0000d958    00000068     RFCC26XX_singleMode.obj (.text:RF_hwiHw$3)
                  0000d9c0    00000068     project_zero.obj (.text:Util_convertArrayToHexString$0)
                  0000da28    00000068     rtsv7M3_T_le_eabi.lib : copy_decompress_lzss.c.obj (.text:decompress:lzss:__TI_decompress_lzss)
                  0000da90    00000068     project_zero_cc2640r2lp_stack_library.lib : osal_cbtimer.obj (.text:osal_CbTimerUpdate)
                  0000daf8    00000064     led_service.obj (.text:LED_Service_findCharParamId$15)
                  0000db5c    00000064     cc26xx_profiles_pxxx.a : gattservapp.o (.text)
                  0000dbc0    00000060     gattservapp_util.obj (.text:GATTServApp_ProcessCCCWriteReq)
                  0000dc20    00000060     icall.obj (.text:ICall_createRemoteTasksAtRuntime)
                  0000dc80    00000060     icall.obj (.text:ICall_enrollService)
                  0000dce0    00000060     drivers_cc26x0r2.aem3 : PowerCC26XX.oem3 (.text:PowerCC26XX_calibrate)
                  0000dd40    00000060     RFCC26XX_singleMode.obj (.text:RF_dispatchNextEvent$3)
                  0000dda0    0000005f     rom_sysbios.aem3 : rom_sysbios.obj (.text:xdc_runtime_Text_putLab__E)
                  0000ddff    00000001     --HOLE-- [fill = 0]
                  0000de00    0000005e     icall.obj (.text:ICall_fetchMsg)
                  0000de5e    0000005e     drivers_cc26x0r2.aem3 : UARTCC26XX.oem3 (.text:UARTCC26XX_swiIntFxn)
                  0000debc    0000005c                           : ADCBufCC26XX.oem3 (.text:ADCBufCC26XX_cleanADC)
                  0000df18    0000005c                           : CryptoResourceCC26XX.oem3 (.text:CryptoResourceCC26XX_constructRTOSObjects)
                  0000df74    0000005c     icall.obj (.text:ICall_pwrUpdActivityCounter)
                  0000dfd0    0000005c     drivers_cc26x0r2.aem3 : PowerCC26XX_calibrateRCOSC.oem3 (.text:PowerCC26XX_RCOSC_clockFunc)
                  0000e02c    0000005c     RFCC26XX_singleMode.obj (.text:RF_cmdDispatchTime$3)
                  0000e088    0000005c     RFCC26XX_singleMode.obj (.text:RF_hwiCpe0PowerFsm$3)
                  0000e0e4    0000005c     drivers_cc26x0r2.aem3 : UDMACC26XX.oem3 (.text:UDMACC26XX_open)
                  0000e140    0000005c     cc26xx_profiles_pxxx.a : gattservapp.o (.text)
                  0000e19c    0000005c     app_ble_pem3.oem3 (.text:xdc_runtime_Startup_getState__I)
                  0000e1f8    0000005a     RFCC26XX_singleMode.obj (.text:RF_syncCb$3)
                  0000e252    00000002     icall_api_lite.obj (.text:rfErrCb)
                  0000e254    00000058     drivers_cc26x0r2.aem3 : ADCBufCC26XX.oem3 (.text:ADCBufCC26XX_loadDMAControlTableEntry)
                  0000e2ac    00000058                           : GPTimerCC26XX.oem3 (.text:GPTimerCC26XX_stop)
                  0000e304    00000058     icall.obj (.text:ICall_wait)
                  0000e35c    00000058     drivers_cc26x0r2.aem3 : PINCC26XX.oem3 (.text:PIN_remove)
                  0000e3b4    00000058     RFCC26XX_singleMode.obj (.text:RF_fsmXOSCState$3)
                  0000e40c    00000058     RFCC26XX_singleMode.obj (.text:RF_getInfo)
                  0000e464    00000058     drivers_cc26x0r2.aem3 : UARTCC26XX.oem3 (.text:UARTCC26XX_control)
                  0000e4bc    00000058     cc26xx_gap_pxxx.a : gap_linkmgr.o (.text)
                  0000e514    00000058     project_zero_cc2640r2lp_stack_library.lib : osal_snv_wrapper.obj (.text:findItem$26)
                  0000e56c    00000058                                               : gapbondmgr.obj (.text:gapBondMgrReadBonds$28)
                  0000e5c4    00000058                                               : osal_cbtimer.obj (.text:osal_CbTimerStop)
                  0000e61c    00000058     project_zero.obj (.text:user_enqueueCharDataMsg$0)
                  0000e674    00000054     RFCC26XX_singleMode.obj (.text:RF_discardPendCmd$3)
                  0000e6c8    00000054     cc26xx_gap_pxxx.a : linkdb.o (.text)
                  0000e71c    00000054     cc26xx_profiles_pxxx.a : gattservapp.o (.text)
                  0000e770    00000050     drivers_cc26x0r2.aem3 : ADCBufCC26XX.oem3 (.text:ADCBufCC26XX_loadGPTDMAControlTableEntry)
                  0000e7c0    00000050     button_service.obj (.text:Button_Service_findCharParamId$10)
                  0000e810    00000050     dpl_cc26x0r2.aem3 : ClockP_tirtos.oem3 (.text:ClockP_construct)
                  0000e860    00000050     data_service.obj (.text:Data_Service_findCharParamId$11)
                  0000e8b0    00000050     ECCROMCC26XX.obj (.text:ECCROMCC26XX_Params_init)
                  0000e900    00000050     project_zero_cc2640r2lp_stack_library.lib : gapbondmgr.obj (.text:GAPBondMgr_LinkTerm)
                  0000e950    00000050     icall.obj (.text:ICall_registerApp)
                  0000e9a0    00000050     temperature_service.obj (.text:Temperature_Service_findCharParamId$17)
                  0000e9f0    00000050     util.obj (.text:Util_convertBdAddr2Str)
                  0000ea40    00000050     cc2640_ctrlll_pxxx.a : ll.o (.text)
                  0000ea90    00000050     drivers_cc26x0r2.aem3 : UARTCC26XX.oem3 (.text:startTxFifoEmptyClk)
                  0000eae0    0000004e                           : ADCBufCC26XX.oem3 (.text:ADCBufCC26XX_close)
                  0000eb2e    00000002     rtsv7M3_T_le_eabi.lib : div0.asm.obj (.text)
                  0000eb30    0000004c     drivers_cc26x0r2.aem3 : GPTimerCC26XX.oem3 (.text:GPTimerCC26XX_start)
                  0000eb7c    0000004c     icall.obj (.text:ICall_newTask$5)
                  0000ebc8    0000004c     RFCC26XX_singleMode.obj (.text:RF_wakeupNotification$3)
                  0000ec14    0000004c     rtsv7M3_T_le_eabi.lib : cpy_tbl.c.obj (.text:copy_in)
                  0000ec60    0000004c     project_zero_cc2640r2lp_stack_library.lib : gapbondmgr.obj (.text:gapBondMgrUpdateLruBondList$28)
                  0000ecac    0000004c                                               : osal_bufmgr.obj (.text:osal_bm_free)
                  0000ecf8    0000004a     drivers_cc26x0r2.aem3 : UARTCC26XX.oem3 (.text:UARTCC26XX_readCancel)
                  0000ed42    00000002     app_ble_pem3.oem3 (.text:ti_sysbios_BIOS_nullFunc__I)
                  0000ed44    00000048     ECCROMCC26XX.obj (.text:ECC_initGlobals$2)
                  0000ed8c    00000048     drivers_cc26x0r2.aem3 : PINCC26XX.oem3 (.text:PIN_setOutputEnable)
                  0000edd4    00000048     project_zero_cc2640r2lp_stack_library.lib : osal_timers.obj (.text:osalAddTimer)
                  0000ee1c    00000048     rtsv7M3_T_le_eabi.lib : fd_toi_t2.asm.obj (.text)
                  0000ee64    00000048     rom_sysbios.aem3 : rom_sysbios.obj (.text:ti_sysbios_family_arm_cc26xx_Timer_setThreshold__I)
                  0000eeac    00000048     drivers_cc26x0r2.aem3 : UARTCC26XX.oem3 (.text:writeFinishedDoCallback)
                  0000eef4    00000044     driverlib.lib : osc.obj (.text:NOROM_OSCHF_SwitchToRcOscTurnOffXosc)
                  0000ef38    00000044     drivers_cc26x0r2.aem3 : RingBuf.oem3 (.text:RingBuf_put)
                  0000ef7c    00000044     boot.aem3 : boot.oem3 (.text)
                  0000efc0    00000044     cc2640_ctrlll_pxxx.a : ll_scheduler.o (.text)
                  0000f004    00000044     cc26xx_profiles_pxxx.a : gattservapp.o (.text)
                  0000f048    00000044     project_zero_cc2640r2lp_stack_library.lib : osal_snv_wrapper.obj (.text:erasePage$26)
                  0000f08c    00000044                                               : osal_timers.obj (.text:osal_start_timerEx)
                  0000f0d0    00000044     project_zero.obj (.text:user_enqueueRawAppMsg$0)
                  0000f114    00000044     rom_sysbios.aem3 : rom_sysbios.obj (.text:xdc_runtime_Text_xprintf__I)
[...]
20002cf4  PowerCC26XX_taskKey                                                       
20002cf8  PowerCC26XX_swiKey                                                        
20002cfc  llConnEvtNotice                                                           
20002d04  featureSetMask                                                            
20002d14  LSTORecoveryArr                                                           
20002d18  llCombineState                                                            
20002d1c  llCurrentMappedChan                                                       
20002d20  connEvtCB                                                                 
20002d28  ClockP_tickPeriod                                                         
20002d2c  tasksEvents                                                               
20002d30  trngCC26XXObjects                                                         
20002d37  hciTaskID                                                                 
20002d38  hciTestTaskID                                                             
20002d39  hciGapTaskID                                                              
20002d3a  hciL2capTaskID                                                            
20002d3b  hciSmpTaskID                                                              
20002d3d  driverlib_release_0_56883                                                 
20002d3e  icall_liteTaskId                                                          
20002d3f  heapStart                                                                 
20004000  __stack                                                                   
20004000  heapEnd                                                                   
20004400  __STACK_END                                                               
20004400  __STACK_TOP                                                               
200044f8  RAM_BASE_ADDR                                                             
20004504  ROM_FlashJT                                                               
20004558  gapPeripheralCBs                                                          
20004564  gapPeripheralConnCBs                                                      
20004568  rfMode                                                                    
20004584  smResponderCBs                                                            
2000459c  slaveConnHandle                                                           
2000459e  nextHandle                                                                
200045a0  l2capMtuSize                                                              
200045a2  gapAppTaskID                                                              
200045a3  gapAdvAppTaskID                                                           
200045a4  gapUnwantedTaskID                                                         
200045a5  reqTaskId                                                                 
200045a6  gattAppTaskID                                                             
200045a7  appTaskID                                                                 
200045a8  flowCtrlTaskId                                                            
200045a9  SM_appTaskID                                                              
200045ac  resolvingList                                                             
200046ec  scanDataEntry                                                             
200047cc  wlTable                                                                   
200048a8  wlTableScan                                                               
20004a20  advCmd                                                                    
20004a68  localEccKeys                                                              
20004aac  initDataEntry                                                             
20004ae4  advDataEntry                                                              
20004b1c  l2capFixedChannels                                                        
20004b4c  linkCBs                                                                   
20004b7c  eccParams                                                                 
20004bac  initParam                                                                 
20004bd0  scanParam                                                                 
20004bf4  advParam                                                                  
20004c14  cryptoPRAND                                                               
20004c34  txModemTestCmd                                                            
20004c50  gapParams                                                                 
20004c6c  initCmd                                                                   
20004c84  connReqData                                                               
20004c9c  scanCmd                                                                   
20004cb4  scanOutput                                                                
20004ccc  trxTestCmd                                                                
20004ce4  rxModemTestCmd                                                            
20004cfc  rsp                                                                       
20004d14  fwParDtmCmd                                                               
20004d2c  rfSetup                                                                   
20004d44  fwParRfCmd                                                                
20004d5c  connOutput                                                                
20004d70  rxTestParam                                                               
20004d84  initDataQueue                                                             
20004d94  scanDataQueue                                                             
20004da4  advDataQueue                                                              
20004db4  advOutput                                                                 
20004dc4  txTestParam                                                               
20004dd4  initOutput                                                                
20004de0  rxTestOut                                                                 
20004dec  deviceFeatureSet                                                          
20004df8  cachedTRNGdata                                                            
20004e04  gapCurrentRandomAddr                                                      
20004e0c  slaveUpdateReq                                                            
20004e14  pBleEvtMask                                                               
20004e1c  pHciEvtMask                                                               
20004e24  pHciEvtMask2                                                              
20004e2c  ownPublicAddr                                                             
20004e34  ownRandomAddr                                                             
20004e3c  ownSavedPublicAddr                                                        
20004e44  fwImmedCmd                                                                
20004e4c  attServerNotifyTxCB                                                       
20004e50  rfEvent                                                                   
20004e58  fwParCmd                                                                  
20004e60  verInfo                                                                   
20004e68  llConns                                                                   
20004e70  fwParamImmedCmd                                                           
20004e78  privInfo                                                                  
20004e80  linkCmd                                                                   
20004e84  linkParam                                                                 
20004e88  rxDataQ                                                                   
20004e8c  txDataQ                                                                   
20004e90  rxRingBuf                                                                 
20004e94  txTestOut                                                                 
20004e98  pGapDiscReq                                                               
20004e9c  pGapAdvertState                                                           
20004ea0  pEstLink                                                                  
20004ea4  pAuthLink                                                                 
20004ea8  pfnCentralConnCBs                                                         
20004eac  pfnPeripheralConnCBs                                                      
20004eb0  pGapAdvTokens                                                             
20004eb4  pGapAdData                                                                
20004eb8  pGapScanRspData                                                           
20004ebc  pfnPeripheralCBs                                                          
20004ec0  pfnCentralCBs                                                             
20004ec4  pfnBondMgrCBs                                                             
20004ec8  serverInfoTbl                                                             
20004ecc  pServiceList                                                              
20004ed0  pfnServerProcessMsgCB                                                     
20004ed4  pfnClientProcessMsgCB                                                     
20004ed8  prepareWritesTbl                                                          
20004edc  serviceCBsList                                                            
20004ee0  pAttrValue                                                                
20004ee4  l2capChannels                                                             
20004ee8  linkDB                                                                    
20004eec  rfHandle                                                                  
20004ef0  rfDrvTblPtr                                                               
20004ef4  eccDrvTblPtr                                                              
20004ef8  cryptoDrvTblPtr                                                           
20004efc  trngDrvTblPtr                                                             
20004f00  activeConns                                                               
20004f04  SysBootMsg                                                                
20004f08  sclkSrc                                                                   
20004f0c  buildInfo                                                                 
20004f10  advInfo                                                                   
20004f14  scanInfo                                                                  
20004f18  initInfo                                                                  
20004f1c  dtmInfo                                                                   
20004f20  taskEndAction                                                             
20004f24  encParams                                                                 
20004f28  encHandle                                                                 
20004f2c  encKey                                                                    
20004f30  pPairingParams                                                            
20004f34  pfnResponderCBs                                                           
20004f38  pfnInitiatorCBs                                                           
20004f3c  gapLimitedAdvertisingTimeout                                              
20004f3e  attrLen                                                                   
20004f40  numHostBufs                                                               
20004f42  rfCmdHandle                                                               
20004f44  connInitialMaxTxOctets                                                    
20004f46  connInitialMaxTxTime                                                      
20004f48  supportedMaxTxOctets                                                      
20004f4a  supportedMaxTxTime                                                        
20004f4c  supportedMaxRxOctets                                                      
20004f4e  supportedMaxRxTime                                                        
20004f50  taskEndStatus                                                             
20004f52  postRfOperations                                                          
20004f54  rfCfgAdiVal                                                               
20004f58  gapProfileRole                                                            
20004f59  gapDeviceAddrMode                                                         
20004f5a  gapState                                                                  
20004f5b  terminateAllTaskID                                                        
20004f5c  terminateReason                                                           
20004f5d  gapTaskID                                                                 
20004f5e  gattNumConns                                                              
20004f5f  gattTaskID                                                                
20004f60  GATTServApp_TaskID                                                        
20004f61  maxNumPrepareWrites                                                       
20004f62  hciPTMenabled                                                             
20004f63  ctrlToHostEnable                                                          
20004f64  l2capFlowCtrlMode                                                         
20004f65  l2capTaskID                                                               
20004f66  l2capNumChannels                                                          
20004f67  l2capNumDataPkts                                                          
20004f68  l2capId                                                                   
20004f69  linkDBNumConns                                                            
20004f6a  linkDB_secureConnectionOnlyMode                                           
20004f6b  maxPduSize                                                                
20004f6c  rfFeModeBias                                                              
20004f6d  maxNumTxDataBufs                                                          
20004f6e  LL_TaskID                                                                 
20004f6f  llState                                                                   
20004f70  rssiCorrection                                                            
20004f71  curTxPowerVal                                                             
20004f72  maxTxPwrForDTM                                                            
20004f73  onePktPerEvt                                                              
20004f74  numComplPkts                                                              
20004f75  numComplPktsLimit                                                         
20004f76  numComplPktsFlush                                                         
20004f77  fastTxRespTime                                                            
20004f78  slOverride                                                                
20004f79  rxFifoFlowCtrl                                                            
20004f7a  numTxDataBufs                                                             
20004f7b  maxNumConns                                                               
20004f7c  smTaskID                                                                  
20004f7d  SM_appExpectingKey                                                        
20004f80  ECC_DATA$$Base                                                            
20004f80  eccRom_param_Gx                                                           
20004f84  eccRom_param_Gy                                                           
20004f88  eccRom_workzone                                                           
20004f8c  eccRom_param_p                                                            
20004f90  eccRom_param_r                                                            
20004f94  eccRom_param_a                                                            
20004f98  eccRom_param_b                                                            
20004f9c  eccRom_windowSize                                                         
20004fa0  aux64                                                                     
20004fa8  MOD                                                                       
20004fac  LEN                                                                       
20004fb0  inScalar                                                                  
20004fb4  inPointX                                                                  
20004fb8  inPointY                                                                  
20004fbc  outPointX                                                                 
20004fc0  outPointY                                                                 
20004fc4  SCAL                                                                      
20004fc8  EXPX                                                                      
20004fcc  EXPY                                                                      
20004fd0  EXPZ                                                                      
20004fd4  EXPW                                                                      
20004fd8  ACCX                                                                      
20004fdc  ACCY                                                                      
20004fe0  ACCZ                                                                      
20004fe4  TMP1                                                                      
20004fe8  TMP2                                                                      
20004fec  TMP3                                                                      
20004ff0  TMP4                                                                      
20004ff4  TMP5                                                                      
20004ff8  TMP6                                                                      
20004ffc  MSBMOD                                                                    
20005000  ECC_DATA$$Limit                                                           
20005000  __UNUSED_SRAM_end__                                                       
e000e000  ti_sysbios_family_arm_m3_Hwi_nvic                                         
ffffffff  __TI_pprof_out_hndl                                                       
ffffffff  __TI_prof_data_size                                                       
ffffffff  __TI_prof_data_start                                                      
ffffffff  __binit__                                                                 
ffffffff  __c_args__                                                                
ffffffff  binit                                                                     
UNDEFED   SHT$$INIT_ARRAY$$Base                                                     
UNDEFED   SHT$$INIT_ARRAY$$Limit                                                    

[2369 symbols]
